2026-05-19 21:58:10|SYSTEM|system|INIT|SUCCESS|系统启动并加载数据
2026-05-19 22:03:13|SYSTEM|system|INIT|SUCCESS|系统启动并加载数据
2026-05-19 22:03:56|GUEST|xml|REGISTER|SUCCESS|新用户注册
2026-05-19 22:04:06|USER|xml|LOGIN|SUCCESS|登录成功。
2026-05-19 22:04:45|SYSTEM|system|INIT|SUCCESS|系统启动并加载数据
2026-05-19 22:04:45|GUEST|phase1_a|REGISTER|SUCCESS|新用户注册
2026-05-19 22:04:45|GUEST|phase1_b|REGISTER|SUCCESS|新用户注册
2026-05-19 22:04:45|USER|phase1_a|LOGIN|SUCCESS|登录成功。
2026-05-19 22:04:45|USER|phase1_a|RECHARGE|SUCCESS|充值 20.00
2026-05-19 22:04:45|USER|phase1_a|SEND_EXPRESS|SUCCESS|单号 EX202605192204450001，收件人 phase1_b，状态 待揽收
2026-05-19 23:07:36|SYSTEM|system|INIT|SUCCESS|系统启动并加载数据
2026-05-19 23:07:36|USER|phase1_a|LOGIN|SUCCESS|登录成功。
2026-05-19 23:07:36|USER|phase1_a|RECHARGE|SUCCESS|充值 20.00
2026-05-19 23:07:36|USER|phase1_a|SEND_EXPRESS|SUCCESS|单号 EX202605192307360002，收件人 phase1_b，类型 图书，数量 4 本，费用 8.00，状态 待揽收
2026-05-19 23:33:27|SYSTEM|system|INIT|SUCCESS|系统启动并加载数据
2026-05-19 23:33:27|ADMIN|admin|LOGIN|SUCCESS|管理员登录成功。
2026-05-19 23:33:27|ADMIN|admin|CREATE_COURIER|SUCCESS|courier001
2026-05-19 23:33:27|COURIER|courier001|LOGIN|SUCCESS|快递员登录成功。
2026-05-19 23:51:11|SYSTEM|system|INIT|SUCCESS|系统启动并加载数据
2026-05-19 23:51:11|ADMIN|admin|LOGIN|SUCCESS|管理员登录成功。
2026-05-19 23:51:11|ADMIN|admin|ASSIGN_COURIER|SUCCESS|单号 EX202605192307360002 分配给 courier001
2026-05-19 23:51:11|COURIER|courier001|LOGIN|SUCCESS|快递员登录成功。
2026-05-19 23:51:11|COURIER|courier001|PICKUP_EXPRESS|SUCCESS|单号 EX202605192307360002，提成 4.00，状态 待签收
2026-05-20 08:41:19|SYSTEM|system|INIT|SUCCESS|系统启动并加载数据
2026-05-20 08:44:45|SYSTEM|system|INIT|SUCCESS|系统启动并加载数据
2026-05-20 08:44:45|COURIER|courier001|LOGIN|SUCCESS|快递员登录成功。
2026-05-20 08:44:45|COURIER|courier001|QUERY_EXPRESS|SUCCESS|查询本人任务
2026-05-20 08:44:56|SYSTEM|system|INIT|SUCCESS|系统启动并加载数据
2026-05-20 08:44:56|ADMIN|admin|LOGIN|SUCCESS|管理员登录成功。
2026-05-20 08:46:41|SYSTEM|system|INIT|SUCCESS|系统启动并加载数据
2026-05-20 08:46:41|ADMIN|admin|LOGIN|SUCCESS|管理员登录成功。
2026-05-20 08:46:41|ADMIN|admin|QUERY_EXPRESS|SUCCESS|管理员查询快递
2026-05-26 18:02:15|SYSTEM|system|INIT|SUCCESS|系统启动并加载数据
2026-05-26 18:02:33|COURIER|admin|LOGIN|FAILED|快递员账号不存在。
2026-05-26 18:02:37|COURIER|fsda|LOGIN|FAILED|快递员账号不存在。
2026-05-26 18:02:40|COURIER|jkfasjfdlkjia|LOGIN|FAILED|快递员账号不存在。
37|2026-05-26 18:42:54|SYSTEM|system|INIT|SUCCESS|系统启动并加载数据|LEGACY|ca6ef72ca9f4cb49cdfcad09cf15b83ef0b3ce22076c09de2fe628115e3d1b87
38|2026-05-26 18:42:54|ADMIN|admin|LOGIN|SUCCESS|管理员登录成功。|ca6ef72ca9f4cb49cdfcad09cf15b83ef0b3ce22076c09de2fe628115e3d1b87|a38336c6beb8347818d77d2fee49c94c2da73e37ed52ee98a43f409e593e84ae
39|2026-05-26 18:42:54|ADMIN|admin|VERIFY_LOG_CHAIN|SUCCESS|日志哈希链完整；前 36 条为升级前旧格式记录。|a38336c6beb8347818d77d2fee49c94c2da73e37ed52ee98a43f409e593e84ae|deebd50777c5c90981114b9d948d612367457b714d2a27fc70ddfb0721dff13b
40|2026-05-26 18:43:02|SYSTEM|system|INIT|SUCCESS|系统启动并加载数据|deebd50777c5c90981114b9d948d612367457b714d2a27fc70ddfb0721dff13b|38d4b1d8fd5da2c473011cd3538fc81577a46998251be0b185c1b81e9b90b011
41|2026-05-26 18:43:02|ADMIN|admin|LOGIN|SUCCESS|管理员登录成功。|38d4b1d8fd5da2c473011cd3538fc81577a46998251be0b185c1b81e9b90b011|a17e617b82f606d0f5954cac69a7f031dacf951cd2127de89c5360f1389a0116
42|2026-05-26 20:22:54|SYSTEM|system|INIT|SUCCESS|系统启动并加载数据|a17e617b82f606d0f5954cac69a7f031dacf951cd2127de89c5360f1389a0116|beb412c64c0e8cbe1172db2b7451106973f6bce0e5bcd173aed35f7476b1b215
43|2026-05-26 20:29:03|SYSTEM|system|INIT|SUCCESS|系统启动并加载数据|beb412c64c0e8cbe1172db2b7451106973f6bce0e5bcd173aed35f7476b1b215|13b3faa1f44d93fbe0a90d73e1420e4333c009bdc793acc4bc317190f9e46413
44|2026-05-26 20:29:15|ADMIN|admin|LOGIN|SUCCESS|管理员登录成功。|13b3faa1f44d93fbe0a90d73e1420e4333c009bdc793acc4bc317190f9e46413|fc2844e4444d95623a365b0bfb32c38c014ffde76eb36169414925416a8a54a0
45|2026-05-26 20:29:38|ADMIN|admin|QUERY_EXPRESS|SUCCESS|管理员查询快递|fc2844e4444d95623a365b0bfb32c38c014ffde76eb36169414925416a8a54a0|3155298abd425f21e50e419ef4bf56f2146fdfec34bdb81bd3a59498ac5a071a
46|2026-05-26 20:29:44|ADMIN|admin|VIEW_LOG|SUCCESS|管理员查看日志|3155298abd425f21e50e419ef4bf56f2146fdfec34bdb81bd3a59498ac5a071a|03905fce1000c530e1a2831fc4f947fd06016ebe413f21d7e7ff7a5ece3ae28b
47|2026-05-26 21:34:30|SYSTEM|system|INIT|SUCCESS|系统启动并加载数据|03905fce1000c530e1a2831fc4f947fd06016ebe413f21d7e7ff7a5ece3ae28b|e2a182868d0a6b0d1aef0b51c2aaebfc54fdd74f15144100a110ac2a863ef967
48|2026-05-26 21:34:30|ADMIN|admin|LOGIN|SUCCESS|管理员登录成功。|e2a182868d0a6b0d1aef0b51c2aaebfc54fdd74f15144100a110ac2a863ef967|adfd860cb7f7df6f6967306fa23fdfe2cdacbdc659b3275c4a370c3913558289
49|2026-05-26 21:34:41|SYSTEM|system|INIT|SUCCESS|系统启动并加载数据|adfd860cb7f7df6f6967306fa23fdfe2cdacbdc659b3275c4a370c3913558289|74790a40e75873e84d070e474c7e643a12e4dd77a6135434ba7ad004aa0ba08f
50|2026-05-26 21:34:41|ADMIN|admin|LOGIN|SUCCESS|管理员登录成功。|74790a40e75873e84d070e474c7e643a12e4dd77a6135434ba7ad004aa0ba08f|de4415e0676351a1517e5ad6a1f858b6f34d345037f2f5ff40cd9d0209f105b8
51|2026-05-26 21:34:41|ADMIN|admin|AUTO_ASSIGN_COURIER|FAILED|快递单号不存在。 EX000000000000000000|de4415e0676351a1517e5ad6a1f858b6f34d345037f2f5ff40cd9d0209f105b8|438b9f1ac2e9d344d5081d4b78a4e214348417173ca968adb4cbd531c13c3144
52|2026-05-26 21:35:40|SYSTEM|system|INIT|SUCCESS|系统启动并加载数据|438b9f1ac2e9d344d5081d4b78a4e214348417173ca968adb4cbd531c13c3144|a4f87c7b815cbeefb7063a55e16cea174ef843df613d4a0462c1998b432fdfb0
53|2026-05-26 21:42:18|SYSTEM|system|INIT|SUCCESS|系统启动并加载数据|a4f87c7b815cbeefb7063a55e16cea174ef843df613d4a0462c1998b432fdfb0|96d9596bccbb7bf49fac736a2e7dc070d174c7ea3933e9dee642e48c745ecf7d
54|2026-05-26 21:42:18|ADMIN|admin|LOGIN|SUCCESS|管理员登录成功。|96d9596bccbb7bf49fac736a2e7dc070d174c7ea3933e9dee642e48c745ecf7d|00ac064062e31cadb2c21aa18ce981f0bd8c60759bfc678621085e7184748d0a
55|2026-05-26 21:42:30|SYSTEM|system|INIT|SUCCESS|系统启动并加载数据|00ac064062e31cadb2c21aa18ce981f0bd8c60759bfc678621085e7184748d0a|be5981bb4031b2c6db10cc00a02bc72fb2bc14e4c5dc074542d77bcda02c69c1
56|2026-05-26 21:42:31|COURIER|courier001|LOGIN|SUCCESS|快递员登录成功。|be5981bb4031b2c6db10cc00a02bc72fb2bc14e4c5dc074542d77bcda02c69c1|1eaf5c937ca2b320116534c3e1c557f825239390ad26d5d6df9840780f1651dd
57|2026-05-26 21:42:39|SYSTEM|system|INIT|SUCCESS|系统启动并加载数据|1eaf5c937ca2b320116534c3e1c557f825239390ad26d5d6df9840780f1651dd|47cd3b68faa774019b7defc3a0e2bcb5bf8bbc646d05fba3ab1feba72bc9591d
58|2026-05-26 21:42:39|ADMIN|admin|LOGIN|SUCCESS|管理员登录成功。|47cd3b68faa774019b7defc3a0e2bcb5bf8bbc646d05fba3ab1feba72bc9591d|3f1fc626c45711a0ef9d1825bcaa042b4958a8efa60791254e52340a7117e081
59|2026-05-26 21:42:39|ADMIN|admin|REMOVE_COURIER|FAILED|该快递员仍有 1 个未完成任务，不能停用。请先完成、重分配或转移这些任务。 courier001|3f1fc626c45711a0ef9d1825bcaa042b4958a8efa60791254e52340a7117e081|89c2d3505e37e1a907389919ac0203b9d556ae952bf10c931d065d52a68d0451
60|2026-05-26 21:43:34|SYSTEM|system|INIT|SUCCESS|系统启动并加载数据|89c2d3505e37e1a907389919ac0203b9d556ae952bf10c931d065d52a68d0451|d4cb3d6fe53b4a8298a52eb755248d9a26d77a5b5599869144d8f02bb9c3fa52
61|2026-05-26 21:43:43|ADMIN|admin|LOGIN|SUCCESS|管理员登录成功。|d4cb3d6fe53b4a8298a52eb755248d9a26d77a5b5599869144d8f02bb9c3fa52|ad268919e4aab51201c2aa18a6961e43e678bc1ec7657fab728f96c5d82b42d9
62|2026-05-26 21:43:55|ADMIN|admin|AUTO_ASSIGN_COURIER|SUCCESS|快递 EX202605192204450001 自动分配给 courier001。|ad268919e4aab51201c2aa18a6961e43e678bc1ec7657fab728f96c5d82b42d9|3cb0bccacefd23cee32823b70288f9d0b6d4564ebfbea4aaee4d8fbb98e1970f
63|2026-05-26 21:43:55|ADMIN|admin|AUTO_ASSIGN_ALL|SUCCESS|成功 1 单，失败/跳过 0 单|3cb0bccacefd23cee32823b70288f9d0b6d4564ebfbea4aaee4d8fbb98e1970f|f5c843e5e26f3047f594589a5fb689f97d8dfc5fb98a5d2b4244244146a5034a
64|2026-05-26 21:44:13|SYSTEM|system|INIT|SUCCESS|系统启动并加载数据|f5c843e5e26f3047f594589a5fb689f97d8dfc5fb98a5d2b4244244146a5034a|05b87abf87f7b658403c99a50b4c0e100fc3178ff69d3509052561f897d534be
65|2026-05-26 21:44:17|ADMIN|admin|LOGIN|FAILED|管理员密码错误，连续失败次数：1。|05b87abf87f7b658403c99a50b4c0e100fc3178ff69d3509052561f897d534be|065369e5d3f1f13db6d51e210b98ec7dad0303757596c884f53f5d06e89025ac
66|2026-05-26 21:44:26|ADMIN|fsd|LOGIN|FAILED|管理员账号不存在。|065369e5d3f1f13db6d51e210b98ec7dad0303757596c884f53f5d06e89025ac|527f91ad3a0f24b98baffb4255aae3015b8969b4e5b5a058f92e9778c9775744
67|2026-05-26 21:44:35|ADMIN|admin|LOGIN|SUCCESS|管理员登录成功。|527f91ad3a0f24b98baffb4255aae3015b8969b4e5b5a058f92e9778c9775744|a1cca441330275ab7efb53839fcfca4330dd8872d7a53f24e5aca7285da4ae71
68|2026-05-26 21:44:52|ADMIN|admin|VERIFY_LOG_CHAIN|SUCCESS|日志哈希链完整；前 36 条为升级前旧格式记录。|a1cca441330275ab7efb53839fcfca4330dd8872d7a53f24e5aca7285da4ae71|90d7688e83ee4b701f1029fe304af5b2c2a409baa7c3de5ad2e06c7196dace2a
69|2026-05-26 21:45:22|ADMIN|admin|QUERY_EXPRESS|SUCCESS|管理员查询快递|90d7688e83ee4b701f1029fe304af5b2c2a409baa7c3de5ad2e06c7196dace2a|d8d0f1adfda0baa65993820e611509bf8adf188b865ac7254b0411b7763ab85f
70|2026-05-26 21:51:48|SYSTEM|system|INIT|SUCCESS|系统启动并加载数据|d8d0f1adfda0baa65993820e611509bf8adf188b865ac7254b0411b7763ab85f|e5cde414adbba6e1884504f1cf803f98343d3a6845c1a3dbbd11eac4feae8215
71|2026-05-26 21:51:55|ADMIN|admin|LOGIN|SUCCESS|管理员登录成功。|e5cde414adbba6e1884504f1cf803f98343d3a6845c1a3dbbd11eac4feae8215|f3624b95f6aa2774dcf53f188b72e125ce3a31d6d267eebf4d459b1f304f5306
72|2026-05-26 22:01:58|SYSTEM|system|INIT|SUCCESS|系统启动并加载数据|f3624b95f6aa2774dcf53f188b72e125ce3a31d6d267eebf4d459b1f304f5306|0dc4518d82de3dde8c8dbde8f187d3ab4783fb64e2dfa042fc93df19c62e4196
73|2026-05-26 22:02:09|ADMIN|admin|LOGIN|SUCCESS|管理员登录成功。|0dc4518d82de3dde8c8dbde8f187d3ab4783fb64e2dfa042fc93df19c62e4196|612dbe93e1d4a794206af82bcf712a82fb57d7e46b260bf9ccd1d27da8a5113d
74|2026-05-26 22:08:05|SYSTEM|system|INIT|SUCCESS|系统启动并加载数据|612dbe93e1d4a794206af82bcf712a82fb57d7e46b260bf9ccd1d27da8a5113d|588aca538b941c4c68737e1fe3e568f4ec39a8d0ec94d296d6e0a6166b0b3128
75|2026-05-26 22:25:29|SYSTEM|system|INIT|SUCCESS|系统启动并加载数据|588aca538b941c4c68737e1fe3e568f4ec39a8d0ec94d296d6e0a6166b0b3128|e5fd7c5ef39d477a1a260183ddbd1ff3db9498fabab0692427a69bdcf1522705
76|2026-05-26 22:25:40|ADMIN|admin|LOGIN|SUCCESS|管理员登录成功。|e5fd7c5ef39d477a1a260183ddbd1ff3db9498fabab0692427a69bdcf1522705|5c7e353152ca1abc18a51ad2c28e2496fefc314e318a64b8a9e66b41a4960740
77|2026-05-28 13:00:08|SYSTEM|system|INIT|SUCCESS|系统启动并加载数据|5c7e353152ca1abc18a51ad2c28e2496fefc314e318a64b8a9e66b41a4960740|98c74320d160fa484a4de08531797488b432020357cc983b55396a48b1cdc411
78|2026-05-28 13:01:36|SYSTEM|system|INIT|SUCCESS|系统启动并加载数据|98c74320d160fa484a4de08531797488b432020357cc983b55396a48b1cdc411|9af4b3e9dc846569c31216efda3e969ed7fd5c4fd81ad02e21f85cabdec8fdb5
79|2026-05-28 13:02:16|SYSTEM|system|INIT|SUCCESS|系统启动并加载数据|9af4b3e9dc846569c31216efda3e969ed7fd5c4fd81ad02e21f85cabdec8fdb5|6c0f55148588ebf2c7332d7be2dd6f06f498b28d17b75dd156a5797f21b85024
80|2026-05-28 14:54:15|SYSTEM|system|INIT|SUCCESS|系统启动并加载数据|6c0f55148588ebf2c7332d7be2dd6f06f498b28d17b75dd156a5797f21b85024|53ae5a6bcb0ac4f71fb283cbeaf4831bdd6c1646fded7c5df60d1f3a9a654f23
81|2026-06-04 13:15:19|SYSTEM|system|INIT|SUCCESS|系统启动并加载数据|53ae5a6bcb0ac4f71fb283cbeaf4831bdd6c1646fded7c5df60d1f3a9a654f23|1b79b7ab6c4bb824367bb9e3ca44ac36908936fc3cc0ad75264eeec5fe64acb1
82|2026-06-04 13:15:43|USER|lwt|LOGIN|FAILED|用户不存在。|1b79b7ab6c4bb824367bb9e3ca44ac36908936fc3cc0ad75264eeec5fe64acb1|b0bdbeaba0207420eb1e070c07e14cf547dc240a3354ae8fb76b36d54cac0c74
83|2026-06-04 13:15:49|USER|lwt|LOGIN|FAILED|用户不存在。|b0bdbeaba0207420eb1e070c07e14cf547dc240a3354ae8fb76b36d54cac0c74|6f662ef2589bfeb3c0955af2ae333e3f80e805c23a82cb15e04fe7678e6f832b
84|2026-06-04 13:15:52|USER|lwt|LOGIN|FAILED|用户不存在。|6f662ef2589bfeb3c0955af2ae333e3f80e805c23a82cb15e04fe7678e6f832b|12a6fc5cb60c4a73fb0315054d8f5b8ffaf802695810582e562248eefacb6dd4
85|2026-06-04 13:16:37|GUEST|lwt|REGISTER|SUCCESS|新用户注册|12a6fc5cb60c4a73fb0315054d8f5b8ffaf802695810582e562248eefacb6dd4|cd07fe8b0263c46ebe286a6fdea167f6601242f42c5a41cc326d37f747401e80
86|2026-06-04 13:16:48|COURIER|admin|LOGIN|FAILED|快递员账号不存在。|cd07fe8b0263c46ebe286a6fdea167f6601242f42c5a41cc326d37f747401e80|044bed7f8062f5399282318c85bc698005a4ee0b437ff77e23419f2ac0bb1413
87|2026-06-04 13:16:56|COURIER|sdfsdfsdf|LOGIN|FAILED|快递员账号不存在。|044bed7f8062f5399282318c85bc698005a4ee0b437ff77e23419f2ac0bb1413|d42f25d7c7be583f953d3122b3c32edb649ae943fbfad41cde1a6e07c4ca112b
88|2026-06-04 13:16:58|COURIER|fdsfsd|LOGIN|FAILED|快递员账号不存在。|d42f25d7c7be583f953d3122b3c32edb649ae943fbfad41cde1a6e07c4ca112b|9850ad62ebba41d615e08ddcc254a4d57ce0d3958bc857d325bd018f79700689
89|2026-06-04 13:17:11|ADMIN|admin|LOGIN|SUCCESS|管理员登录成功。|9850ad62ebba41d615e08ddcc254a4d57ce0d3958bc857d325bd018f79700689|d56c9512feaf90fc52cb3054fefcc769a7d0e6e2ddb429f19ab928a70e5c9e3e
90|2026-06-04 13:17:53|ADMIN|admin|QUERY_EXPRESS|SUCCESS|管理员查询快递|d56c9512feaf90fc52cb3054fefcc769a7d0e6e2ddb429f19ab928a70e5c9e3e|90dacbaff2b4bb38e7dd8454ec3cab13eabaae6529f70fc0abe1118aaa080005
91|2026-06-04 13:17:59|ADMIN|admin|VIEW_LOG|SUCCESS|管理员查看日志|90dacbaff2b4bb38e7dd8454ec3cab13eabaae6529f70fc0abe1118aaa080005|d151d50741156db82826b0e31cb752dac8fb2f889514f94c910dd13785dad67e
92|2026-06-04 13:19:03|ADMIN|admin|CREATE_COURIER|SUCCESS|wbs|d151d50741156db82826b0e31cb752dac8fb2f889514f94c910dd13785dad67e|b9c65f834476cd6cb5708a006e88416c2d23041f7fe4340f7da02af1bab3424d
93|2026-06-04 13:19:20|ADMIN|admin|REMOVE_COURIER|SUCCESS|wbs|b9c65f834476cd6cb5708a006e88416c2d23041f7fe4340f7da02af1bab3424d|bb516aaa734e4c4b58e80162209a3386569739fcdcab42aa1d4be400179c57af
94|2026-06-04 13:19:40|ADMIN|admin|SET_COURIER_STATUS|FAILED|快递员已停用，不能修改冻结状态。 wbs|bb516aaa734e4c4b58e80162209a3386569739fcdcab42aa1d4be400179c57af|7b78dfdf67c7fd7e2746ad8ea48e20b8cda8a03e8640693f48551ddaa5d190de
95|2026-06-04 13:20:13|ADMIN|admin|CREATE_COURIER|FAILED|用户名已存在。 wbs|7b78dfdf67c7fd7e2746ad8ea48e20b8cda8a03e8640693f48551ddaa5d190de|ee134497eca563ace519fd6d1bcb6b53aa61130ba25d597a69d06608657eb662
96|2026-06-04 13:21:42|ADMIN|admin|VERIFY_LOG_CHAIN|SUCCESS|日志哈希链完整；前 36 条为升级前旧格式记录。|ee134497eca563ace519fd6d1bcb6b53aa61130ba25d597a69d06608657eb662|b3dc6b5215c1a8dbcb0461244d46de4d36ce50ece6e7f1618f008107d9549be4
97|2026-06-04 13:22:42|GUEST|hwl|REGISTER|SUCCESS|新用户注册|b3dc6b5215c1a8dbcb0461244d46de4d36ce50ece6e7f1618f008107d9549be4|b30df7548623572071a056a01ae26da2a959513abc5ceaf4dfbffb1e1907598b
98|2026-06-04 13:23:13|GUEST|zqq|REGISTER|SUCCESS|新用户注册|b30df7548623572071a056a01ae26da2a959513abc5ceaf4dfbffb1e1907598b|bb8ca037d1f046874ebef594a523240003c9b7a0e4991896e270f1f8fd97f791
99|2026-06-04 13:23:25|USER|hwl|LOGIN|FAILED|密码错误，连续失败次数：1。|bb8ca037d1f046874ebef594a523240003c9b7a0e4991896e270f1f8fd97f791|0f97f950cc50670f3b0c49e4a0b48a3c44afc5a90f54eed62479b081c647e19d
100|2026-06-04 13:23:30|USER|sfdfdsf|LOGIN|FAILED|用户不存在。|0f97f950cc50670f3b0c49e4a0b48a3c44afc5a90f54eed62479b081c647e19d|a09ba040ddb00ec0bd88b2bc69e8f9dced07308bf27405642b70cef7b78e4d18
101|2026-06-04 13:23:44|USER|hwl|LOGIN|FAILED|密码错误，连续失败次数：2。|a09ba040ddb00ec0bd88b2bc69e8f9dced07308bf27405642b70cef7b78e4d18|dd77a514194d75116c27e409c243da51a7e1720967ff1f551b5bde5da358c848
102|2026-06-04 13:23:55|USER|hwl|AUTO_FREEZE|SUCCESS|连续登录失败 3 次|dd77a514194d75116c27e409c243da51a7e1720967ff1f551b5bde5da358c848|287d6fcbf14d3160e76fe9e17fcf6949bab0bb2b89664e7b5c36baf8fee9a7e5
103|2026-06-04 13:24:06|USER|sdfsdsdfsd|LOGIN|FAILED|用户不存在。|287d6fcbf14d3160e76fe9e17fcf6949bab0bb2b89664e7b5c36baf8fee9a7e5|235b9070d7613b66e19bade4b84242e7613aeacab1697499fadb909e4dc3e642
104|2026-06-04 13:24:09|USER|fdsf|LOGIN|FAILED|用户不存在。|235b9070d7613b66e19bade4b84242e7613aeacab1697499fadb909e4dc3e642|816a53c7a79d5f6a8362b8cf5f63879868fc7912925d39bff7bab49c5d94fbee
105|2026-06-04 13:24:53|GUEST|zlc|REGISTER|SUCCESS|新用户注册|816a53c7a79d5f6a8362b8cf5f63879868fc7912925d39bff7bab49c5d94fbee|bbe93c25f44ebf1f76ccbc834700685a3398ef21b32f4a5665374b3474811dcb
106|2026-06-04 13:27:24|USER|xml|LOGIN|FAILED|密码错误，连续失败次数：1。|bbe93c25f44ebf1f76ccbc834700685a3398ef21b32f4a5665374b3474811dcb|b68fc1f8a65d76be42515b5c35562d6f6145a699c222bd6eb28f8108d5011b8b
107|2026-06-04 13:27:31|USER|xml|LOGIN|SUCCESS|登录成功。|b68fc1f8a65d76be42515b5c35562d6f6145a699c222bd6eb28f8108d5011b8b|e2d99a27118cf216a1e49e3cdb130cc4965eeaed139d685f51f31cae0de26352
108|2026-06-04 13:27:46|USER|xml|CHANGE_PASSWORD|FAILED|新密码不能与旧密码相同。|e2d99a27118cf216a1e49e3cdb130cc4965eeaed139d685f51f31cae0de26352|c117c69d8b8e01669e547eefad0b8f701d417a1fb4cbe65a43e293c83d374c30
109|2026-06-04 13:28:15|USER|xml|RECHARGE|SUCCESS|充值 500.00|c117c69d8b8e01669e547eefad0b8f701d417a1fb4cbe65a43e293c83d374c30|587291d10e810d41118d2c72b14386f0981a6e58555ef66298bdebc5bc1566d2
110|2026-06-04 13:28:37|USER|xml|SEND_EXPRESS|SUCCESS|单号 EX202606041328370003，收件人 zqq，类型 图书，数量 5 本，费用 10.00，状态 待揽收|587291d10e810d41118d2c72b14386f0981a6e58555ef66298bdebc5bc1566d2|c1193190607a61560adc1ccfa021db3031dce5329c68614b85eb256c4a4c346b
111|2026-06-04 13:29:27|USER|xml|RECHARGE|SUCCESS|充值 555.00|c1193190607a61560adc1ccfa021db3031dce5329c68614b85eb256c4a4c346b|f5dff8ad6ff61e0c23132e464e63dbc056fc1b97a9c5ec470c895fff8a5c7e37
112|2026-06-04 13:29:45|USER|xml|SEND_EXPRESS|SUCCESS|单号 EX202606041329450004，收件人 zlc，类型 普通快递，数量 20.00 kg，费用 100.00，状态 待揽收|f5dff8ad6ff61e0c23132e464e63dbc056fc1b97a9c5ec470c895fff8a5c7e37|98b1c934af97b41b6cd3c7c23b8010bc5d931f4c79db14e01efde97a80cc20f4
113|2026-06-04 13:30:01|ADMIN|admin|LOGIN|FAILED|管理员密码错误，连续失败次数：1。|98b1c934af97b41b6cd3c7c23b8010bc5d931f4c79db14e01efde97a80cc20f4|acfefea00176fce16f8db4ac3980cd159fbb81cbd671f0306901722f7bba68cc
114|2026-06-04 13:30:11|ADMIN|fsad|LOGIN|FAILED|管理员账号不存在。|acfefea00176fce16f8db4ac3980cd159fbb81cbd671f0306901722f7bba68cc|5d108d36aaa9c5eb3050d3d2f11107d9b72a82bcb354a475485035583287f579
115|2026-06-04 13:30:18|ADMIN|admin|LOGIN|SUCCESS|管理员登录成功。|5d108d36aaa9c5eb3050d3d2f11107d9b72a82bcb354a475485035583287f579|11b9c5b4007c63c6891926922f0c8af8294766d636195544cbdd9a05135056fb
116|2026-06-04 13:30:53|ADMIN|admin|CREATE_COURIER|SUCCESS|wbs0|11b9c5b4007c63c6891926922f0c8af8294766d636195544cbdd9a05135056fb|e2ccd4b21c633651a4b975607e25cf74e585fb9897d2f870f1f779a87c8abc2e
117|2026-06-04 13:31:10|ADMIN|admin|CREATE_COURIER|SUCCESS|wbs1|e2ccd4b21c633651a4b975607e25cf74e585fb9897d2f870f1f779a87c8abc2e|db8dbe0e0b0498133a07747d0d5fba31fc82bddb150246b650f1e738cc0f6865
118|2026-06-04 13:31:31|ADMIN|admin|CREATE_COURIER|SUCCESS|wbs2|db8dbe0e0b0498133a07747d0d5fba31fc82bddb150246b650f1e738cc0f6865|af103ab637ef898c8b28a1e73c90f0f09916ad338f06d98b8ce5958c12db2552
119|2026-06-04 13:33:45|ADMIN|admin|QUERY_EXPRESS|SUCCESS|管理员查询快递|af103ab637ef898c8b28a1e73c90f0f09916ad338f06d98b8ce5958c12db2552|d68f5b21b4be2323f7b3d7e822d77ff39918629b37bc4342054ba541bc56c595
120|2026-06-04 13:34:30|GUEST|zfy|REGISTER|SUCCESS|新用户注册|d68f5b21b4be2323f7b3d7e822d77ff39918629b37bc4342054ba541bc56c595|70b7eeaaaf8ab647f839be9dda82c56554a21af65fc11a4fa3daee67f3ccce2c
121|2026-06-04 13:35:16|GUEST|xzh|REGISTER|SUCCESS|新用户注册|70b7eeaaaf8ab647f839be9dda82c56554a21af65fc11a4fa3daee67f3ccce2c|ac650f5280c56a5c88d31a3571d969484d7924b7576e9c9aa573b19eff4ede94
122|2026-06-04 13:35:28|USER|hwl|LOGIN|FAILED|账号已被冻结，请联系管理员。|ac650f5280c56a5c88d31a3571d969484d7924b7576e9c9aa573b19eff4ede94|a01fd0625fa4b41097c074ba139e57da7e1d9a2e3341cf89b8db0b60e51f51f2
123|2026-06-04 13:35:36|USER|zlc|LOGIN|SUCCESS|登录成功。|a01fd0625fa4b41097c074ba139e57da7e1d9a2e3341cf89b8db0b60e51f51f2|bb3c0c1ad24b08c7b1f3240e2f195375c19155321aabd6b00e9a8dcd440148c3
124|2026-06-04 13:35:44|USER|zlc|RECHARGE|SUCCESS|充值 500.00|bb3c0c1ad24b08c7b1f3240e2f195375c19155321aabd6b00e9a8dcd440148c3|970ca9eee5d64e0b05af98855cb362a4c2f4b0f4045937147e7590891a8c23a4
125|2026-06-04 13:36:01|USER|zlc|SEND_EXPRESS|SUCCESS|单号 EX202606041336010005，收件人 lwt，类型 易碎品，数量 10.00 kg，费用 80.00，状态 待揽收|970ca9eee5d64e0b05af98855cb362a4c2f4b0f4045937147e7590891a8c23a4|0c929027aa0b59a4f4fc15681e2eff8a0f8fe10e3f2903ef660e3fb8b511c56a
126|2026-06-04 13:36:13|USER|zlc|QUERY_EXPRESS|SUCCESS|查询快递记录|0c929027aa0b59a4f4fc15681e2eff8a0f8fe10e3f2903ef660e3fb8b511c56a|c36aa32cfb9367a42777416fc93bd124a356ac06239dede326c705ca31006249
127|2026-06-04 13:37:08|USER|zlc|QUERY_EXPRESS|SUCCESS|查询快递记录|c36aa32cfb9367a42777416fc93bd124a356ac06239dede326c705ca31006249|454925645ddf0b7f6bb7267a996578fb3d8ef9a475b1ae8e520fbb3909f94b0d
128|2026-06-04 13:37:33|USER|zlc|SEND_EXPRESS|SUCCESS|单号 EX202606041337330006，收件人 zfy，类型 图书，数量 5 本，费用 10.00，状态 待揽收|454925645ddf0b7f6bb7267a996578fb3d8ef9a475b1ae8e520fbb3909f94b0d|4528c1aa23c344bbb5bfcb93010399628bb1e14dd827f5b1a3c4bbf57b87a9cc
129|2026-06-04 13:37:52|USER|zlc|SEND_EXPRESS|SUCCESS|单号 EX202606041337520007，收件人 xzh，类型 普通快递，数量 2.00 kg，费用 10.00，状态 待揽收|4528c1aa23c344bbb5bfcb93010399628bb1e14dd827f5b1a3c4bbf57b87a9cc|974c3855c2db10f616a824c6853da61527ed2d1184268f5a55366a8aa6ff35d5
130|2026-06-04 13:38:33|USER|zlc|SEND_EXPRESS|SUCCESS|单号 EX202606041338330008，收件人 lwt，类型 普通快递，数量 20.00 kg，费用 100.00，状态 待揽收|974c3855c2db10f616a824c6853da61527ed2d1184268f5a55366a8aa6ff35d5|dc81fe525f71c73c10f9df02a737a821f173e78288186422830b340ced1ac6a0
131|2026-06-04 13:38:48|USER|zlc|RECHARGE|SUCCESS|充值 25.00|dc81fe525f71c73c10f9df02a737a821f173e78288186422830b340ced1ac6a0|c0e37d08fda4e6039e20848b2e401a1a4e8aaab1406d54dc2e52f4d8067c5256
132|2026-06-04 13:47:27|SYSTEM|system|INIT|SUCCESS|系统启动并加载数据|c0e37d08fda4e6039e20848b2e401a1a4e8aaab1406d54dc2e52f4d8067c5256|838f3f819cbd0aa685b6fbb39ce9ced35a6f7c91f34bc37d66cb913a6a6877a1
133|2026-06-04 13:47:42|USER|lwt|LOGIN|FAILED|密码错误，连续失败次数：1。|838f3f819cbd0aa685b6fbb39ce9ced35a6f7c91f34bc37d66cb913a6a6877a1|e6212767a66c7297fcee86a00a0d760349885a3159248bd5aa53583a2f0d01ec
134|2026-06-04 13:47:49|USER|abcd0412|LOGIN|FAILED|用户不存在。|e6212767a66c7297fcee86a00a0d760349885a3159248bd5aa53583a2f0d01ec|82be71e8db57a733cc616b56a4a04277614f4e0f62100cf23247de5ff27c9511
135|2026-06-04 13:47:56|USER|lwt|LOGIN|SUCCESS|登录成功。|82be71e8db57a733cc616b56a4a04277614f4e0f62100cf23247de5ff27c9511|58909e3e6ed65ba3f7ce5b19041b1d7dd261666f98240346ef7dd88dbcbf6a97
136|2026-06-04 13:48:03|USER|lwt|RECHARGE|SUCCESS|充值 50.00|58909e3e6ed65ba3f7ce5b19041b1d7dd261666f98240346ef7dd88dbcbf6a97|be08550b6cb337b64740deae5d0b28ff5f5336c77c3e4caaa1e7bbc4f89867d9
137|2026-06-04 13:48:16|USER|lwt|SEND_EXPRESS|SUCCESS|单号 EX202606041348160009，收件人 zfy，类型 普通快递，数量 1.00 kg，费用 5.00，状态 待揽收|be08550b6cb337b64740deae5d0b28ff5f5336c77c3e4caaa1e7bbc4f89867d9|6c3a336c4a5aa5e8ce354a583b6d5766335cc9c18f54015876bc612eea626680
138|2026-06-04 13:48:34|USER|lwt|SEND_EXPRESS|SUCCESS|单号 EX202606041348340010，收件人 zqq，类型 普通快递，数量 2.00 kg，费用 10.00，状态 待揽收|6c3a336c4a5aa5e8ce354a583b6d5766335cc9c18f54015876bc612eea626680|53ffcee92a29e543942eca456f4fa4516cb2bd0d432deb2438061729a18cb890
139|2026-06-04 14:16:42|SYSTEM|system|INIT|SUCCESS|系统启动并加载数据|53ffcee92a29e543942eca456f4fa4516cb2bd0d432deb2438061729a18cb890|f8534320a2ae0d0bea46583f746c980a96d3466972bf4693012d64bc88eed3a1
140|2026-06-04 14:17:08|COURIER|wbs|LOGIN|FAILED|快递员账号已停用，不能登录。|f8534320a2ae0d0bea46583f746c980a96d3466972bf4693012d64bc88eed3a1|c1ef935b9e7bddac4a8a0d95c4de5a16c7e3a676b2b55f08c929900c04b8ff8a
141|2026-06-04 14:17:17|COURIER|wbs0|LOGIN|SUCCESS|快递员登录成功。|c1ef935b9e7bddac4a8a0d95c4de5a16c7e3a676b2b55f08c929900c04b8ff8a|67c5e4fb307c07810b5a0e9f312f61f74b6147819f81eef2f669dbe5109670eb
142|2026-06-04 14:17:34|COURIER|wbs0|QUERY_EXPRESS|SUCCESS|查询本人任务|67c5e4fb307c07810b5a0e9f312f61f74b6147819f81eef2f669dbe5109670eb|a266a56e041c1772ac08c24514ae376cf072599974c088ad5ff248a265702309
143|2026-06-04 14:51:06|SYSTEM|system|INIT|SUCCESS|系统启动并加载数据|a266a56e041c1772ac08c24514ae376cf072599974c088ad5ff248a265702309|6e5949544440c9d37aa4ffa56db169366aa8b60fe85fd42c6201490871b8cfbd
144|2026-06-04 15:08:10|SYSTEM|system|INIT|SUCCESS|系统启动并加载数据|6e5949544440c9d37aa4ffa56db169366aa8b60fe85fd42c6201490871b8cfbd|b8e70c63d0a9ce5ec8f6b1065cc8a9a17d611e6519a2f42a5237be242d1a7ec4
145|2026-06-04 15:08:41|ADMIN|admin|LOGIN|FAILED|管理员密码错误，连续失败次数：1。|b8e70c63d0a9ce5ec8f6b1065cc8a9a17d611e6519a2f42a5237be242d1a7ec4|0302231106cc024dbf387f8b39f5ed067134ea365710cce104ed24717fcfdcc5
146|2026-06-04 15:08:51|ADMIN|admin|LOGIN|SUCCESS|管理员登录成功。|0302231106cc024dbf387f8b39f5ed067134ea365710cce104ed24717fcfdcc5|60086a77d96ae3d92382ca4c6bd14d2ed24fc0e0bc05bc59246f0a60d80344c9
147|2026-06-04 15:09:07|SYSTEM|system|INIT|SUCCESS|系统启动并加载数据|60086a77d96ae3d92382ca4c6bd14d2ed24fc0e0bc05bc59246f0a60d80344c9|539c8d7d41109cd0678bb385a4fc5d8e16a274de2c6578987020b352f4434104
148|2026-06-04 15:09:14|ADMIN|admin|LOGIN|FAILED|管理员密码错误，连续失败次数：1。|539c8d7d41109cd0678bb385a4fc5d8e16a274de2c6578987020b352f4434104|104d694a492136aa42db00f30a0a00fba4f492d3bef8d78b98f1ae678048abb1
149|2026-06-04 15:09:20|ADMIN|admin|LOGIN|SUCCESS|管理员登录成功。|104d694a492136aa42db00f30a0a00fba4f492d3bef8d78b98f1ae678048abb1|205d4764711450e914db7372a448622d2e082742b6de04a8ad0344f185498020
150|2026-06-04 15:09:41|ADMIN|admin|QUERY_EXPRESS|SUCCESS|管理员查询快递|205d4764711450e914db7372a448622d2e082742b6de04a8ad0344f185498020|c6b5e5a2e06380424f681b5477ca7688ee1ad42c0a1cdd0934e1f3d708aab63e
151|2026-06-04 15:10:27|ADMIN|admin|CREATE_COURIER|FAILED|用户名已存在。 wbs|c6b5e5a2e06380424f681b5477ca7688ee1ad42c0a1cdd0934e1f3d708aab63e|c61f99d47c0e98509e36ae1ca6e78f8add92647c3e656865d407726b13bc6597
152|2026-06-04 15:11:03|ADMIN|admin|CREATE_COURIER|SUCCESS|wbs6|c61f99d47c0e98509e36ae1ca6e78f8add92647c3e656865d407726b13bc6597|c580d15ed77350f872f7144e3fc0281a4db2cbb6d8526e9d7783d6eaed0decf6
153|2026-06-04 15:11:21|SYSTEM|system|INIT|SUCCESS|系统启动并加载数据|c580d15ed77350f872f7144e3fc0281a4db2cbb6d8526e9d7783d6eaed0decf6|a23966164b4c25553e6b456cf3ad9e95f1fc3683321712b9bdfd69cf8f50e05c
154|2026-06-04 15:11:45|GUEST|lwt0|REGISTER|SUCCESS|新用户注册|a23966164b4c25553e6b456cf3ad9e95f1fc3683321712b9bdfd69cf8f50e05c|83fa5cfd7633678320732d47e9cc31a8d85a282c72cdc8de6a57df6fbc42adb7
155|2026-06-04 15:11:57|USER|lwt0|LOGIN|SUCCESS|登录成功。|83fa5cfd7633678320732d47e9cc31a8d85a282c72cdc8de6a57df6fbc42adb7|d0522b9f83dae7d6259861370aaf344a3c6cb7ef89150af419b615bdcc891e20
156|2026-06-04 15:12:29|USER|lwt0|RECHARGE|SUCCESS|充值 55.00|d0522b9f83dae7d6259861370aaf344a3c6cb7ef89150af419b615bdcc891e20|106d9a241749b7c39d452a4be7977fd36b75ed7c45fab4fdfb5a7a6a52527046
157|2026-06-04 15:12:41|USER|lwt0|SEND_EXPRESS|SUCCESS|单号 EX202606041512410011，收件人 zlc，类型 易碎品，数量 2.00 kg，费用 16.00，状态 待揽收|106d9a241749b7c39d452a4be7977fd36b75ed7c45fab4fdfb5a7a6a52527046|56c45875b91571b4457773f642bcf148c690b7f6be63707befeb5579c590fa36
158|2026-06-04 15:13:13|COURIER|wbs|LOGIN|FAILED|快递员账号已停用，不能登录。|56c45875b91571b4457773f642bcf148c690b7f6be63707befeb5579c590fa36|a9b653cf93b6a76214d5a2eddda94a1bb58b5a14cc20ba4776a76fa91b3bccae
159|2026-06-04 15:13:25|COURIER|wbs0|LOGIN|SUCCESS|快递员登录成功。|a9b653cf93b6a76214d5a2eddda94a1bb58b5a14cc20ba4776a76fa91b3bccae|33200f05f051328b36a7e2ab1cf30fcbd80ad1d900c44a3ca561c5d0e2f035de
160|2026-06-04 15:13:40|ADMIN|admin|LOGIN|SUCCESS|管理员登录成功。|33200f05f051328b36a7e2ab1cf30fcbd80ad1d900c44a3ca561c5d0e2f035de|4818289e4a516797dbb5d117f550abccdaadc4f58080cf1984a645b0f2f5a288
161|2026-06-04 15:14:20|ADMIN|admin|ASSIGN_COURIER|SUCCESS|单号 EX202606041512410011 分配给 wbs0|4818289e4a516797dbb5d117f550abccdaadc4f58080cf1984a645b0f2f5a288|aa23db37ac2c69c489701546d65154c23aee124b4ddb8e1aa968958c31ddb169
162|2026-06-04 15:14:44|ADMIN|admin|AUTO_ASSIGN_COURIER|SUCCESS|快递 EX202606041328370003 自动分配给 wbs1。|aa23db37ac2c69c489701546d65154c23aee124b4ddb8e1aa968958c31ddb169|a26bf9c3ccfd7e2fb8c090578c5bf8c295e55fcec51fdc598e76753b89d13143
163|2026-06-04 15:14:44|ADMIN|admin|AUTO_ASSIGN_COURIER|SUCCESS|快递 EX202606041329450004 自动分配给 wbs2。|a26bf9c3ccfd7e2fb8c090578c5bf8c295e55fcec51fdc598e76753b89d13143|a92e33ba1249476877979b1de17bc84f578a21a9fb192a88ec0f77a8211c8c99
164|2026-06-04 15:14:44|ADMIN|admin|AUTO_ASSIGN_COURIER|SUCCESS|快递 EX202606041336010005 自动分配给 wbs6。|a92e33ba1249476877979b1de17bc84f578a21a9fb192a88ec0f77a8211c8c99|2da5a46f0905f5128077f5c03395ce6518d48331426c61e12a2aac5dbf48bd0a
165|2026-06-04 15:14:44|ADMIN|admin|AUTO_ASSIGN_COURIER|SUCCESS|快递 EX202606041337330006 自动分配给 wbs0。|2da5a46f0905f5128077f5c03395ce6518d48331426c61e12a2aac5dbf48bd0a|1184668ef054cee9654567709122675ede43314a40c4f03ac59e3f64bb887f74
166|2026-06-04 15:14:44|ADMIN|admin|AUTO_ASSIGN_COURIER|SUCCESS|快递 EX202606041337520007 自动分配给 wbs1。|1184668ef054cee9654567709122675ede43314a40c4f03ac59e3f64bb887f74|d74025a99f58cb53d73156547a9b913c7fce4fb03bbb366032e7d400cbe9be72
167|2026-06-04 15:14:44|ADMIN|admin|AUTO_ASSIGN_COURIER|SUCCESS|快递 EX202606041338330008 自动分配给 wbs2。|d74025a99f58cb53d73156547a9b913c7fce4fb03bbb366032e7d400cbe9be72|e76553de11e333f31f9e1e7d49280036122fa8797bcfb95af9cfda74f64a3382
168|2026-06-04 15:14:44|ADMIN|admin|AUTO_ASSIGN_COURIER|SUCCESS|快递 EX202606041348160009 自动分配给 wbs6。|e76553de11e333f31f9e1e7d49280036122fa8797bcfb95af9cfda74f64a3382|932ae7c0c5792d9b0c211ad7965844deca15f1b9a70ccba5e56eb0eb4fc3115a
169|2026-06-04 15:14:44|ADMIN|admin|AUTO_ASSIGN_COURIER|SUCCESS|快递 EX202606041348340010 自动分配给 wbs0。|932ae7c0c5792d9b0c211ad7965844deca15f1b9a70ccba5e56eb0eb4fc3115a|1899307a87ef9d9034d500531d10ab52b44815dbd47e2240941f8549bd4035db
170|2026-06-04 15:14:44|ADMIN|admin|AUTO_ASSIGN_ALL|SUCCESS|成功 8 单，失败/跳过 0 单|1899307a87ef9d9034d500531d10ab52b44815dbd47e2240941f8549bd4035db|ad8047ec10fdcf5d97d5f1999fe135c759997c7a535ed6f84bc46d67a0157e75
171|2026-06-04 15:15:24|COURIER|wbs1|LOGIN|SUCCESS|快递员登录成功。|ad8047ec10fdcf5d97d5f1999fe135c759997c7a535ed6f84bc46d67a0157e75|d04cd1c6171a984f7c1eec325200738e43159f5857779d1c9630d2e10912758f
172|2026-06-04 15:15:36|COURIER|wbs1|QUERY_EXPRESS|SUCCESS|查询本人任务|d04cd1c6171a984f7c1eec325200738e43159f5857779d1c9630d2e10912758f|fad45623187d7c4d84771fcc3a06066c209324b5d0120ba359afa6c1061820bb
173|2026-06-04 15:15:54|COURIER|wbs1|PICKUP_EXPRESS|SUCCESS|单号 EX202606041328370003，提成 5.00，状态 待签收|fad45623187d7c4d84771fcc3a06066c209324b5d0120ba359afa6c1061820bb|c1f219309ac5eed82526942ef18ad566374f1643d4e3cf228cac00be398dea13
174|2026-06-04 15:16:09|COURIER|wbs1|PICKUP_EXPRESS|SUCCESS|单号 EX202606041337520007，提成 5.00，状态 待签收|c1f219309ac5eed82526942ef18ad566374f1643d4e3cf228cac00be398dea13|ea9145d5c9f56740d9398edd89ab0773f5b9e6d0b94a9cc5461b23f235069aed
175|2026-06-04 15:16:30|USER|hwl|LOGIN|FAILED|账号已被冻结，请联系管理员。|ea9145d5c9f56740d9398edd89ab0773f5b9e6d0b94a9cc5461b23f235069aed|5fede0267ce1bdacb2f5f3b0991cae7c3b510f581334ada7b9818289772841a1
176|2026-06-04 15:16:37|USER|zqq|LOGIN|FAILED|密码错误，连续失败次数：1。|5fede0267ce1bdacb2f5f3b0991cae7c3b510f581334ada7b9818289772841a1|8011cf16b1af18821bd7e8623e3356c992072f4722ce76544b0f3ec7f31f67b0
177|2026-06-04 15:16:41|USER|zqq|LOGIN|FAILED|密码错误，连续失败次数：2。|8011cf16b1af18821bd7e8623e3356c992072f4722ce76544b0f3ec7f31f67b0|04da1299e05687be84a961b000b81fc30012230f4111a0459e0052d40fe29a4d
178|2026-06-04 15:16:54|USER|zqq|AUTO_FREEZE|SUCCESS|连续登录失败 3 次|04da1299e05687be84a961b000b81fc30012230f4111a0459e0052d40fe29a4d|5b13b7c40e71e10c49555ced4d3ca9fcdd5f1dec1ba9b150a562c0404d0d4dfb
179|2026-06-04 15:17:04|USER|xml|LOGIN|FAILED|密码错误，连续失败次数：1。|5b13b7c40e71e10c49555ced4d3ca9fcdd5f1dec1ba9b150a562c0404d0d4dfb|8e6cf4f106219f780f29a0d2a07eeae793ed273e928f59fdfe41bd29cedb08a5
180|2026-06-04 15:17:15|USER|zfy|LOGIN|SUCCESS|登录成功。|8e6cf4f106219f780f29a0d2a07eeae793ed273e928f59fdfe41bd29cedb08a5|0243c8397eb07065a77bcec292c5121268dc906c54dd57786e4545222405ddd2
181|2026-06-04 15:17:30|ADMIN|admin|LOGIN|SUCCESS|管理员登录成功。|0243c8397eb07065a77bcec292c5121268dc906c54dd57786e4545222405ddd2|b24f58570d23f86f2a14c0f5e74c0771c3091120db851df10b56ac68dadb13a9
182|2026-06-04 15:17:53|ADMIN|admin|SET_USER_STATUS|SUCCESS|zqq 用户已解冻。|b24f58570d23f86f2a14c0f5e74c0771c3091120db851df10b56ac68dadb13a9|76df62e5bc0334614c200641d234cb81e01395c8ab0bd278a952f38f421f40dd
183|2026-06-04 15:18:00|USER|zqq|LOGIN|SUCCESS|登录成功。|76df62e5bc0334614c200641d234cb81e01395c8ab0bd278a952f38f421f40dd|b8168e489d18c5601953e17e7af0e960e0f1c591d72440f4f365f835e166f9a7
184|2026-06-04 15:19:35|SYSTEM|system|INIT|SUCCESS|系统启动并加载数据|b8168e489d18c5601953e17e7af0e960e0f1c591d72440f4f365f835e166f9a7|94f6b97dc538d78e0c5c7dad984cba7228881450292e6b96c83f69c8e74f757d
185|2026-06-18 14:58:01|SYSTEM|system|INIT|SUCCESS|系统启动并加载数据|94f6b97dc538d78e0c5c7dad984cba7228881450292e6b96c83f69c8e74f757d|d1a4aa6b046b1abe8923e71b0d2b47d1d165f7ceaca8892dbd9dbc3ce820f929
