1|2026-06-10 12:59:56|SYSTEM|server|INIT|SUCCESS|V3 common core initialized|GENESIS|c22134e51d1331aef95ef792aaaa87b59adfe75c23609dda02645372b2dbcf5f
2|2026-06-10 12:59:56|GUEST|demo_user|REGISTER_USER|SUCCESS|register user|c22134e51d1331aef95ef792aaaa87b59adfe75c23609dda02645372b2dbcf5f|42cb79815cf42cd3c46eca072a2caf1ff58b1fd46cf6327504194f2f3c58f7b8
3|2026-06-10 12:59:56|GUEST|login_user|REGISTER_USER|SUCCESS|register user|42cb79815cf42cd3c46eca072a2caf1ff58b1fd46cf6327504194f2f3c58f7b8|2486cdc7fbf828d528c8a9c8006707c01de7dc409df3e7341a7b574c86781d2c
4|2026-06-10 12:59:56|GUEST|freeze_user|REGISTER_USER|SUCCESS|register user|2486cdc7fbf828d528c8a9c8006707c01de7dc409df3e7341a7b574c86781d2c|71bd1e35ec474f9ab6a972449a69c166da09d1133111b33bd71f0b9ef3466c2e
5|2026-06-10 12:59:56|GUEST|phase6_sender|REGISTER_USER|SUCCESS|register user|71bd1e35ec474f9ab6a972449a69c166da09d1133111b33bd71f0b9ef3466c2e|2149221f9309f9eb693829fa941bdb8f2406eee06723c23add88cb90f464e4c4
6|2026-06-10 12:59:56|GUEST|phase6_receiver|REGISTER_USER|SUCCESS|register user|2149221f9309f9eb693829fa941bdb8f2406eee06723c23add88cb90f464e4c4|c383f3a57fcbe645f88b8e25c076ac587589c8a66e3c1084b3d4e402bb708e43
7|2026-06-10 12:59:56|ADMIN|admin|CREATE_COURIER|SUCCESS|demo_courier|c383f3a57fcbe645f88b8e25c076ac587589c8a66e3c1084b3d4e402bb708e43|5f4e14367b76079359fe83db8eca1678fb1004d621c72731456803ca34708e8d
8|2026-06-10 12:59:56|ADMIN|admin|CREATE_COURIER|SUCCESS|phase6_courier|5f4e14367b76079359fe83db8eca1678fb1004d621c72731456803ca34708e8d|30e51e71ed17d40449cf81b57fb5077ed8052f63ecfa50e425ca08d7692de407
9|2026-06-10 12:59:56|USER|phase6_sender|RECHARGE|SUCCESS|amount=100.00|30e51e71ed17d40449cf81b57fb5077ed8052f63ecfa50e425ca08d7692de407|def20bd1a2841202e91c3503a888e13de0e4d8387e92a39be3a621c17aea2fa9
10|2026-06-10 12:59:56|USER|phase6_sender|SEND_EXPRESS|SUCCESS|EX000001 fee=8.00|def20bd1a2841202e91c3503a888e13de0e4d8387e92a39be3a621c17aea2fa9|7bc0f6341950687e0a2aaa79e1ba55a1cc30bcf9ac03473f2e1092078c74eb90
11|2026-06-10 12:59:59|GUEST|u67599871|REGISTER_USER|SUCCESS|register user|7bc0f6341950687e0a2aaa79e1ba55a1cc30bcf9ac03473f2e1092078c74eb90|d271a69ef5ff5b3f3f89ad7537d20341e160a43fb80631c1d62c12c36c15f5a9
12|2026-06-10 12:59:59|GUEST|r67599871|REGISTER_USER|SUCCESS|register user|d271a69ef5ff5b3f3f89ad7537d20341e160a43fb80631c1d62c12c36c15f5a9|f435600d5a8ccf5d62d76744461f336a015a8c68b7a0acd7bc97cb69ec876f9f
13|2026-06-10 12:59:59|USER|u67599871|LOGIN_USER|SUCCESS|login success|f435600d5a8ccf5d62d76744461f336a015a8c68b7a0acd7bc97cb69ec876f9f|0df600275f1d5a55adec832627e7fffab62dff0c596572ed341331e2c381d516
14|2026-06-10 12:59:59|USER|u67599871|RECHARGE|SUCCESS|amount=100.00|0df600275f1d5a55adec832627e7fffab62dff0c596572ed341331e2c381d516|e45b825dbc1820c205262461632a0c259dd3ee7e02f256ccdffab27f819efdfd
15|2026-06-10 12:59:59|USER|u67599871|SEND_EXPRESS|SUCCESS|EX000002 fee=16.00|e45b825dbc1820c205262461632a0c259dd3ee7e02f256ccdffab27f819efdfd|85431c6ce2b5e1d059f674316fa778d1872af508aa3dbd125c10444dc357c999
16|2026-06-10 13:00:00|USER|login_user|LOGIN_USER|SUCCESS|login success|85431c6ce2b5e1d059f674316fa778d1872af508aa3dbd125c10444dc357c999|18e07324fb40156a3c5df0964532647b7b7f8c3c13ef2ccb7be2cba1919bd9a8
17|2026-06-10 13:00:00|USER|login_user|ADMIN_PERMISSION_DENIED|DENIED|command=VIEW_DASHBOARD|18e07324fb40156a3c5df0964532647b7b7f8c3c13ef2ccb7be2cba1919bd9a8|3cee415a20538d3656c001bfb213045285a3f7126eb6cc6e2af16495596e29b8
18|2026-06-10 13:00:00|ADMIN|admin|LOGIN_ADMIN|SUCCESS|login success|3cee415a20538d3656c001bfb213045285a3f7126eb6cc6e2af16495596e29b8|42e05d897b9a57bafbc11c72c8dc2e5453e02bee2c191deb3736c65cd0feeac4
19|2026-06-10 13:00:00|ADMIN|admin|ASSIGN_COURIER|SUCCESS|EX000001->phase6_courier|42e05d897b9a57bafbc11c72c8dc2e5453e02bee2c191deb3736c65cd0feeac4|d38af5b79644dc67a5c39b9db52cfb4f9cdc03ccb493e582acb4a40c72aedc74
20|2026-06-10 13:00:00|ADMIN|admin|REMOVE_COURIER|DENIED|unfinished tasks block courier=phase6_courier|d38af5b79644dc67a5c39b9db52cfb4f9cdc03ccb493e582acb4a40c72aedc74|95fca0c3e88ba8908b48c0ff90faa8760ce55c0b2c3f943b23dd91c688c08113
21|2026-06-10 13:00:00|ADMIN|admin|AUTO_ASSIGN_ALL|SUCCESS|successCount=1|95fca0c3e88ba8908b48c0ff90faa8760ce55c0b2c3f943b23dd91c688c08113|b31a6e9b162db3c00716958a0b26c2fb0b2995728197d8031786a7093baee430
22|2026-06-10 13:00:00|ADMIN|admin|LOGIN_ADMIN|SUCCESS|login success|b31a6e9b162db3c00716958a0b26c2fb0b2995728197d8031786a7093baee430|a81f1859cc37d507595e9c671a2e27ae8fec52d3397ea7626047a12c9fed2524
23|2026-06-10 13:00:00|ADMIN|admin|CREATE_COURIER|SUCCESS|ca6760014|a81f1859cc37d507595e9c671a2e27ae8fec52d3397ea7626047a12c9fed2524|27df472b1952d41640bed9189cff5fe8dcd8530c234b407c61879f682a9bb4a0
24|2026-06-10 13:00:00|ADMIN|admin|CREATE_COURIER|SUCCESS|cb6760014|27df472b1952d41640bed9189cff5fe8dcd8530c234b407c61879f682a9bb4a0|bd1da0a4c4d0288f884f0234bc421a0a9c2d021603c52ddf53ea1085d95093fc
25|2026-06-10 13:00:00|GUEST|cs6760014|REGISTER_USER|SUCCESS|register user|bd1da0a4c4d0288f884f0234bc421a0a9c2d021603c52ddf53ea1085d95093fc|c8fffccdbb686117fc300acdd69f603fee3bbe6a574d2154e5b5b09d3eeb0b44
26|2026-06-10 13:00:00|GUEST|cr6760014|REGISTER_USER|SUCCESS|register user|c8fffccdbb686117fc300acdd69f603fee3bbe6a574d2154e5b5b09d3eeb0b44|b340b5dd096bd6743629044df80f57d240a9b2f75b660aab23311c5ba4a6873e
27|2026-06-10 13:00:00|USER|cs6760014|LOGIN_USER|SUCCESS|login success|b340b5dd096bd6743629044df80f57d240a9b2f75b660aab23311c5ba4a6873e|02ee6fd71544d9b30a3c2681dac12498296ecdd303e57b371fea7552d23b7c44
28|2026-06-10 13:00:00|USER|cs6760014|RECHARGE|SUCCESS|amount=100.00|02ee6fd71544d9b30a3c2681dac12498296ecdd303e57b371fea7552d23b7c44|5c7f502c06db47fb851d4f852f9527a5c38f7b15cd9fa68e68521d91c7bfd380
29|2026-06-10 13:00:00|USER|cs6760014|SEND_EXPRESS|SUCCESS|EX000003 fee=16.00|5c7f502c06db47fb851d4f852f9527a5c38f7b15cd9fa68e68521d91c7bfd380|56cc233114f4aaa5914ee64a93d28472940e67cb5724a5508fcd35297d9ea4da
30|2026-06-10 13:00:00|USER|cs6760014|SEND_EXPRESS|SUCCESS|EX000004 fee=20.00|56cc233114f4aaa5914ee64a93d28472940e67cb5724a5508fcd35297d9ea4da|c7f1a0db126bb8ddd5c6c3ec3fbf23ec8f4da376df83cce7c80937afdccc0b9e
31|2026-06-10 13:00:00|USER|cs6760014|SEND_EXPRESS|SUCCESS|EX000005 fee=10.00|c7f1a0db126bb8ddd5c6c3ec3fbf23ec8f4da376df83cce7c80937afdccc0b9e|524b8d1ed0732aca1ea1b977b73a107045b8d9a930a56237e46686d2f0e9201f
32|2026-06-10 13:00:00|ADMIN|admin|ASSIGN_COURIER|SUCCESS|EX000003->ca6760014|524b8d1ed0732aca1ea1b977b73a107045b8d9a930a56237e46686d2f0e9201f|9d1f02a2c17db6c4982785a780d0093e4c9c1e103ba8bfa9d1f0ab3cd39dbc9e
33|2026-06-10 13:00:00|ADMIN|admin|ASSIGN_COURIER|SUCCESS|EX000004->ca6760014|9d1f02a2c17db6c4982785a780d0093e4c9c1e103ba8bfa9d1f0ab3cd39dbc9e|cfe163b3d5d3abd4906448f22399b6f24203b925b586307129968c588b8e98e9
34|2026-06-10 13:00:00|ADMIN|admin|ASSIGN_COURIER|SUCCESS|EX000005->cb6760014|cfe163b3d5d3abd4906448f22399b6f24203b925b586307129968c588b8e98e9|ce9af78ec4d3871b80f1acbc67d2cdd9ad7bbc8942bf01457325968a5022f131
35|2026-06-10 13:00:00|COURIER|ca6760014|LOGIN_COURIER|SUCCESS|login success|ce9af78ec4d3871b80f1acbc67d2cdd9ad7bbc8942bf01457325968a5022f131|ccbaa55e431c1fdd71997d1352bbdb5e19bee8c1501a927ff867baaf8f7dced9
36|2026-06-10 13:00:00|COURIER|ca6760014|PICKUP_EXPRESS|DENIED|express=EX000005 assignedCourier=cb6760014|ccbaa55e431c1fdd71997d1352bbdb5e19bee8c1501a927ff867baaf8f7dced9|9ff57036e652ecd159117c661a01b477ce316db5c03e640eb7bec875a7a431f4
37|2026-06-10 13:00:00|COURIER|ca6760014|COURIER_PICKUP_PERMISSION_DENIED|DENIED|express=EX000005 assignedCourier=cb6760014|9ff57036e652ecd159117c661a01b477ce316db5c03e640eb7bec875a7a431f4|7d5e68a13fa3e6b7b2c53dcbd45b6b3540a877558a9e7fb9995c9e3554645c18
38|2026-06-10 13:00:00|COURIER|ca6760014|PICKUP_EXPRESS|SUCCESS|EX000003 commission=8.00|7d5e68a13fa3e6b7b2c53dcbd45b6b3540a877558a9e7fb9995c9e3554645c18|277efb8f5eb17b45b8af5d8e296be317677871a9235ef84b34d33cdc5cb06570
39|2026-06-10 13:00:00|COURIER|ca6760014|PICKUP_EXPRESS|SUCCESS|EX000004 commission=10.00|277efb8f5eb17b45b8af5d8e296be317677871a9235ef84b34d33cdc5cb06570|737f20c80b8b00dd2f559f29ab0ddb81c8e1d4e2233f0725cb5ab2c4e35aaa88
40|2026-06-10 13:00:00|COURIER|ca6760014|PICKUP_EXPRESS|DENIED|state conflict express=EX000003|737f20c80b8b00dd2f559f29ab0ddb81c8e1d4e2233f0725cb5ab2c4e35aaa88|1c763f1e946d58df85ffe1e4c6a844108cf1d74ba54fc430b24af384d713142f
41|2026-06-10 13:00:00|COURIER|ca6760014|COURIER_PICKUP_STATE_CONFLICT|DENIED|express=EX000003|1c763f1e946d58df85ffe1e4c6a844108cf1d74ba54fc430b24af384d713142f|b0fcda267f6ef0392e39095031e541b39ce3e06de840d8fa9f419ffde2e5b061
42|2026-06-10 13:00:00|ADMIN|admin|LOGIN_ADMIN|SUCCESS|login success|b0fcda267f6ef0392e39095031e541b39ce3e06de840d8fa9f419ffde2e5b061|cc30ee7a6bb95f596181b22c644c29637ac9714e5a7e35fab02bbe5c4d30229f
43|2026-06-10 13:00:00|ADMIN|admin|CREATE_COURIER|SUCCESS|xc6760049|cc30ee7a6bb95f596181b22c644c29637ac9714e5a7e35fab02bbe5c4d30229f|1f3565016f35b92d64b717e0033ceca9d858d7f2b86da48c5e48a8f763ccd5ac
44|2026-06-10 13:00:00|GUEST|xs6760049|REGISTER_USER|SUCCESS|register user|1f3565016f35b92d64b717e0033ceca9d858d7f2b86da48c5e48a8f763ccd5ac|91020643f1bdffb18791c7e9160cc856150cea54e8f3861ab34f41c2a87fb289
45|2026-06-10 13:00:00|GUEST|xr6760049|REGISTER_USER|SUCCESS|register user|91020643f1bdffb18791c7e9160cc856150cea54e8f3861ab34f41c2a87fb289|b7e146320c5c4f1ef7b99e7cf8591d57b6e86180162668ff5cb98777f8b01dba
46|2026-06-10 13:00:00|USER|xs6760049|LOGIN_USER|SUCCESS|login success|b7e146320c5c4f1ef7b99e7cf8591d57b6e86180162668ff5cb98777f8b01dba|815c293fc37993350339eead4352bcae171def9e27a1eacd30e9550e35b5fb8d
47|2026-06-10 13:00:00|USER|xs6760049|RECHARGE|SUCCESS|amount=50.00|815c293fc37993350339eead4352bcae171def9e27a1eacd30e9550e35b5fb8d|abc7fe66995ca02c23b1d718534e88f88e06e27160b3a0e8c072a788dc49e123
48|2026-06-10 13:00:00|USER|xs6760049|SEND_EXPRESS|SUCCESS|EX000006 fee=16.00|abc7fe66995ca02c23b1d718534e88f88e06e27160b3a0e8c072a788dc49e123|d885a88fc1323fd6bcb29c1475221659698e2a2e94d760767381f4c9fca4f411
49|2026-06-10 13:00:00|ADMIN|admin|ASSIGN_COURIER|SUCCESS|EX000006->xc6760049|d885a88fc1323fd6bcb29c1475221659698e2a2e94d760767381f4c9fca4f411|8c9c5fc759f5007c9cd5011896c2f4307c800977c9e3fada6cd1d23f27c798af
50|2026-06-10 13:00:00|COURIER|xc6760049|LOGIN_COURIER|SUCCESS|login success|8c9c5fc759f5007c9cd5011896c2f4307c800977c9e3fada6cd1d23f27c798af|af1fa9e44daec315a40845e50ec7383faa138ca2695c1631bfc6839cfdd792b6
51|2026-06-10 13:00:00|COURIER|xc6760049|PICKUP_EXPRESS|SUCCESS|EX000006 commission=8.00|af1fa9e44daec315a40845e50ec7383faa138ca2695c1631bfc6839cfdd792b6|23f205d6b6e0f18064c50f515dbad552603d7851327b468bd89f4453c3945396
52|2026-06-10 13:00:00|COURIER|xc6760049|PICKUP_EXPRESS|DENIED|state conflict express=EX000006|23f205d6b6e0f18064c50f515dbad552603d7851327b468bd89f4453c3945396|15e1ab8d35797bf2d239d1a868954a3f08cd70eb32d2aa23ff1c6a336adc00b4
53|2026-06-10 13:00:00|COURIER|xc6760049|COURIER_PICKUP_STATE_CONFLICT|DENIED|express=EX000006|15e1ab8d35797bf2d239d1a868954a3f08cd70eb32d2aa23ff1c6a336adc00b4|ffa5100f226400e3b7ded72ca475b37838b6e0d3ddf33a46480af47cb337370b
54|2026-06-10 13:12:47|SYSTEM|server|INIT|SUCCESS|V3 common core initialized|ffa5100f226400e3b7ded72ca475b37838b6e0d3ddf33a46480af47cb337370b|acdd00140b621b2f5e0c0ac6fa0982457a1e4f5abd71104922c2b00e97d33d75
55|2026-06-10 13:13:15|GUEST|lwt|REGISTER_USER|SUCCESS|register user|acdd00140b621b2f5e0c0ac6fa0982457a1e4f5abd71104922c2b00e97d33d75|503f847473ce441b24cb53a3facd14f5299e9c51f9aa18e04541acbf9b745883
56|2026-06-10 13:13:29|ADMIN|admin|LOGIN_ADMIN|SUCCESS|login success|503f847473ce441b24cb53a3facd14f5299e9c51f9aa18e04541acbf9b745883|e5eeab1062b2b03ecb7bf60a4b71415faf8ca8c7beb002255f75be6a3515038c
57|2026-06-10 16:01:19|SYSTEM|server|INIT|SUCCESS|V3 common core initialized|e5eeab1062b2b03ecb7bf60a4b71415faf8ca8c7beb002255f75be6a3515038c|e47eeec276542bca93a3ba97b563627bcc3ea61ac42cfbe4b95024ddacc1df58
58|2026-06-10 16:01:58|ADMIN|admin|LOGIN_ADMIN|SUCCESS|login success|e47eeec276542bca93a3ba97b563627bcc3ea61ac42cfbe4b95024ddacc1df58|fc62090e1df4891d2c40a7a3c0ede90d2d2660663a08fe9b1ed8c5a4daef6422
59|2026-06-10 16:02:21|ADMIN|admin|SET_USER_FROZEN|SUCCESS|xr6760049=1|fc62090e1df4891d2c40a7a3c0ede90d2d2660663a08fe9b1ed8c5a4daef6422|d3e46a1614c7d8c34d38b476d78556d0492e9381e13f3a7e3518e9892bc018f5
60|2026-06-10 16:03:15|ADMIN|admin|CREATE_COURIER|SUCCESS|wbs|d3e46a1614c7d8c34d38b476d78556d0492e9381e13f3a7e3518e9892bc018f5|3582806a5fe9a10bd5309d488c2a286a277622f692d7492e4b26157778cbd848
61|2026-06-10 16:05:26|USER|lwt|LOGIN_USER|FAILED|password mismatch failedCount=1|3582806a5fe9a10bd5309d488c2a286a277622f692d7492e4b26157778cbd848|0aadd1a1afe28791b2b23542c0984879949877ec47c69bd2e3c0cc8aaabf79f4
62|2026-06-10 16:05:39|USER|lwt|LOGIN_USER|SUCCESS|login success|0aadd1a1afe28791b2b23542c0984879949877ec47c69bd2e3c0cc8aaabf79f4|49a266f8ce6566400b2d8b7714eb79c38ef31b6aa6c0abc7f951b8cb94e58588
63|2026-06-10 16:09:17|USER|lwt|RECHARGE|SUCCESS|amount=50.00|49a266f8ce6566400b2d8b7714eb79c38ef31b6aa6c0abc7f951b8cb94e58588|e522174680ecf8b7ea8df402146bc51411521756e54aa8be99f58502b3264432
64|2026-06-10 16:36:20|SYSTEM|server|INIT|SUCCESS|V3 common core initialized|e522174680ecf8b7ea8df402146bc51411521756e54aa8be99f58502b3264432|06c6a754899cea721b409d17cb9de542a248d3162f79e64d8dc07be013ddca87
65|2026-06-10 16:36:40|GUEST|u80600104|REGISTER_USER|SUCCESS|register user|06c6a754899cea721b409d17cb9de542a248d3162f79e64d8dc07be013ddca87|75b9615bfec328a367b2a19a6d4dd31cd5bcfffff05c4469780a8e72c8400e8c
66|2026-06-10 16:36:40|GUEST|r80600104|REGISTER_USER|SUCCESS|register user|75b9615bfec328a367b2a19a6d4dd31cd5bcfffff05c4469780a8e72c8400e8c|d46d6b9e08ee434d645f5e5300f761134344e40d328069d47154f2701b98f2c2
67|2026-06-10 16:36:40|USER|u80600104|LOGIN_USER|SUCCESS|login success|d46d6b9e08ee434d645f5e5300f761134344e40d328069d47154f2701b98f2c2|6bed8861acd36fea7975c12daa76144105a104fa3ce1c5162876146c40734184
68|2026-06-10 16:36:40|USER|u80600104|RECHARGE|SUCCESS|amount=100.00|6bed8861acd36fea7975c12daa76144105a104fa3ce1c5162876146c40734184|e62bedc40f66dff3db90d1e1de5dafed6cf6e9e546df04c92b175d7840406ead
69|2026-06-10 16:36:40|USER|u80600104|SEND_EXPRESS|SUCCESS|EX000007 fee=16.00|e62bedc40f66dff3db90d1e1de5dafed6cf6e9e546df04c92b175d7840406ead|49942d307d51960f0b0c8ef0e9e67e4094ad15ad7f7dd897e5d8c0d982c470b3
70|2026-06-10 16:36:53|GUEST|u80613688|REGISTER_USER|SUCCESS|register user|49942d307d51960f0b0c8ef0e9e67e4094ad15ad7f7dd897e5d8c0d982c470b3|b6aefc8ff8b8e6dd5b43cbd7ae5f93d9b17786a7ace17e1dd4b69b0cb319e4d5
71|2026-06-10 16:36:53|GUEST|r80613688|REGISTER_USER|SUCCESS|register user|b6aefc8ff8b8e6dd5b43cbd7ae5f93d9b17786a7ace17e1dd4b69b0cb319e4d5|ce8cf205c14d1c3a38aeb677967fe5907eda1656193c2df8e7f380696ac90fbe
72|2026-06-10 16:36:53|USER|u80613688|LOGIN_USER|SUCCESS|login success|ce8cf205c14d1c3a38aeb677967fe5907eda1656193c2df8e7f380696ac90fbe|cd5c52341513ad4e6f0c98433378ddfb43928740542e66dce34b2976ced63f1d
73|2026-06-10 16:36:53|USER|u80613688|RECHARGE|SUCCESS|amount=100.00|cd5c52341513ad4e6f0c98433378ddfb43928740542e66dce34b2976ced63f1d|42aaf83fae4791900467a438dfaabf8943da9679b300256489f34c401b2c4310
74|2026-06-10 16:36:53|USER|u80613688|SEND_EXPRESS|SUCCESS|EX000008 fee=16.00|42aaf83fae4791900467a438dfaabf8943da9679b300256489f34c401b2c4310|7721811bf1248652c30d68b2c9c8243df31739d8fd77beca865a242769c23b35
75|2026-06-10 16:36:53|USER|login_user|LOGIN_USER|SUCCESS|login success|7721811bf1248652c30d68b2c9c8243df31739d8fd77beca865a242769c23b35|098f02328211a95603eebe68035d712334f92664d0f2bd17846602d526bb875d
76|2026-06-10 16:36:53|USER|login_user|ADMIN_PERMISSION_DENIED|DENIED|command=VIEW_DASHBOARD|098f02328211a95603eebe68035d712334f92664d0f2bd17846602d526bb875d|ebd800a188f1f1d09f31721672e5d32db35370205a6ed6244e4359f3153ac8c9
77|2026-06-10 16:36:53|ADMIN|admin|LOGIN_ADMIN|SUCCESS|login success|ebd800a188f1f1d09f31721672e5d32db35370205a6ed6244e4359f3153ac8c9|6f3ae7521b3188459a58e2b583459c6c84ae0508d4308e1131d38745afffbba0
78|2026-06-10 16:36:53|ADMIN|admin|ASSIGN_COURIER|SUCCESS|EX000007->phase6_courier|6f3ae7521b3188459a58e2b583459c6c84ae0508d4308e1131d38745afffbba0|09afb409794100d825f31e886f23e71969556f1cfccf611753655b6465e2fa44
79|2026-06-10 16:36:53|ADMIN|admin|REMOVE_COURIER|DENIED|unfinished tasks block courier=phase6_courier|09afb409794100d825f31e886f23e71969556f1cfccf611753655b6465e2fa44|835a45704f5e14375f347109ee7e4e5a07f3fe4d19d3d2a11d4aa8b26237f73e
80|2026-06-10 16:36:53|ADMIN|admin|AUTO_ASSIGN_ALL|SUCCESS|successCount=1|835a45704f5e14375f347109ee7e4e5a07f3fe4d19d3d2a11d4aa8b26237f73e|22c6fbe96c2fe193eaac2e8339b3d13f29ab85b5659a1407de23a51734fdf3bc
81|2026-06-10 16:36:53|ADMIN|admin|LOGIN_ADMIN|SUCCESS|login success|22c6fbe96c2fe193eaac2e8339b3d13f29ab85b5659a1407de23a51734fdf3bc|2f345fb6ddd50affd2bff884e96078141dde6b2df969f11c27198b85a099e58b
82|2026-06-10 16:36:53|ADMIN|admin|CREATE_COURIER|SUCCESS|ca8061385|2f345fb6ddd50affd2bff884e96078141dde6b2df969f11c27198b85a099e58b|e829fe14c9da37875f861d1e00530f59857a08e0a61b953a8a383a5791ff2fc2
83|2026-06-10 16:36:53|ADMIN|admin|CREATE_COURIER|SUCCESS|cb8061385|e829fe14c9da37875f861d1e00530f59857a08e0a61b953a8a383a5791ff2fc2|be4682ad6fa61806247b056e1f0ada0abce7acab49ff49392cd62f2cd15cf540
84|2026-06-10 16:36:53|GUEST|cs8061385|REGISTER_USER|SUCCESS|register user|be4682ad6fa61806247b056e1f0ada0abce7acab49ff49392cd62f2cd15cf540|4741c6c44fb352029207691416a3c868385770470e07780c9e4eee384acbf2b9
85|2026-06-10 16:36:53|GUEST|cr8061385|REGISTER_USER|SUCCESS|register user|4741c6c44fb352029207691416a3c868385770470e07780c9e4eee384acbf2b9|267c7288459b48400cc99bcb1a8815b8656fe0be4960588d7b1d47ebd4a3261c
86|2026-06-10 16:36:53|USER|cs8061385|LOGIN_USER|SUCCESS|login success|267c7288459b48400cc99bcb1a8815b8656fe0be4960588d7b1d47ebd4a3261c|bd97a2692e4cd3fb63e2af4b365017b7d7c1e61aaa09441793cc053fc08b5440
87|2026-06-10 16:36:53|USER|cs8061385|RECHARGE|SUCCESS|amount=100.00|bd97a2692e4cd3fb63e2af4b365017b7d7c1e61aaa09441793cc053fc08b5440|8a9488f2944a07a5c16b5e4450a79d7177728d653d7f86492d2cc4aaec3bc806
88|2026-06-10 16:36:53|USER|cs8061385|SEND_EXPRESS|SUCCESS|EX000009 fee=16.00|8a9488f2944a07a5c16b5e4450a79d7177728d653d7f86492d2cc4aaec3bc806|35d874bdc1304973d0eb0fdb3c5dbf02998ca7db28842ecfaa082d8e054e7aba
89|2026-06-10 16:36:53|USER|cs8061385|SEND_EXPRESS|SUCCESS|EX000010 fee=20.00|35d874bdc1304973d0eb0fdb3c5dbf02998ca7db28842ecfaa082d8e054e7aba|1d19c9056f09bb17a211688d16d2cffda82ddce63f37ee9ce43aff5c500d4804
90|2026-06-10 16:36:53|USER|cs8061385|SEND_EXPRESS|SUCCESS|EX000011 fee=10.00|1d19c9056f09bb17a211688d16d2cffda82ddce63f37ee9ce43aff5c500d4804|ffa2063673a1a0b7ba8bf925677890230844e490862669870ffe51255a88e58c
91|2026-06-10 16:36:53|ADMIN|admin|ASSIGN_COURIER|SUCCESS|EX000009->ca8061385|ffa2063673a1a0b7ba8bf925677890230844e490862669870ffe51255a88e58c|f166dde292d61a9354541ed46871c9b266a5bf25839917a0a6a04ece4a7fbbfd
92|2026-06-10 16:36:53|ADMIN|admin|ASSIGN_COURIER|SUCCESS|EX000010->ca8061385|f166dde292d61a9354541ed46871c9b266a5bf25839917a0a6a04ece4a7fbbfd|d7eaf3544de275eeb99647c61cc810110cee1700a9dd1d1182d129cdb84abc43
93|2026-06-10 16:36:53|ADMIN|admin|ASSIGN_COURIER|SUCCESS|EX000011->cb8061385|d7eaf3544de275eeb99647c61cc810110cee1700a9dd1d1182d129cdb84abc43|e0d5c23c73f6ff8a5d6f297eb141243be64c99601c992683a8254614bc11aa8d
94|2026-06-10 16:36:53|COURIER|ca8061385|LOGIN_COURIER|SUCCESS|login success|e0d5c23c73f6ff8a5d6f297eb141243be64c99601c992683a8254614bc11aa8d|ff9c3b075111037bc93a655d520dd588ee60d960a598d6ebc1f27f090c2f3a57
95|2026-06-10 16:36:54|COURIER|ca8061385|PICKUP_EXPRESS|DENIED|express=EX000011 assignedCourier=cb8061385|ff9c3b075111037bc93a655d520dd588ee60d960a598d6ebc1f27f090c2f3a57|1c102f8a4d4c39af67ebf025737c9e96a58f5869c5d32c0c9eca56b6713d07f7
96|2026-06-10 16:36:54|COURIER|ca8061385|COURIER_PICKUP_PERMISSION_DENIED|DENIED|express=EX000011 assignedCourier=cb8061385|1c102f8a4d4c39af67ebf025737c9e96a58f5869c5d32c0c9eca56b6713d07f7|de8444d0a54fcc91529e404ccbdbbff65e542d1881dce0c59cba97ee0a768181
97|2026-06-10 16:36:54|COURIER|ca8061385|PICKUP_EXPRESS|SUCCESS|EX000009 commission=8.00|de8444d0a54fcc91529e404ccbdbbff65e542d1881dce0c59cba97ee0a768181|53376fb63e95a7fe2ae4260a0ecab3faef2c9fb654a18300654350f50f75159d
98|2026-06-10 16:36:54|COURIER|ca8061385|PICKUP_EXPRESS|SUCCESS|EX000010 commission=10.00|53376fb63e95a7fe2ae4260a0ecab3faef2c9fb654a18300654350f50f75159d|90dd424d87b05ed552bc81ad2c35f41c076e9db92b421165f176f5b95f8ef6fd
99|2026-06-10 16:36:54|COURIER|ca8061385|PICKUP_EXPRESS|DENIED|state conflict express=EX000009|90dd424d87b05ed552bc81ad2c35f41c076e9db92b421165f176f5b95f8ef6fd|ca952679b16d6f8eaa45577fa266d217cbd708cbaa14256dd8f7cc454e3089fc
100|2026-06-10 16:36:54|COURIER|ca8061385|COURIER_PICKUP_STATE_CONFLICT|DENIED|express=EX000009|ca952679b16d6f8eaa45577fa266d217cbd708cbaa14256dd8f7cc454e3089fc|df620abd3700041d40673db0ecb6d392c34f4538604fe3c017e05ea4ea45a8f1
101|2026-06-10 16:36:55|ADMIN|admin|LOGIN_ADMIN|SUCCESS|login success|df620abd3700041d40673db0ecb6d392c34f4538604fe3c017e05ea4ea45a8f1|48cc6ca0e3e282f7bc99a7d91e492a8513e7eac7437ef2a505c838920630a1e6
102|2026-06-10 16:36:55|ADMIN|admin|CREATE_COURIER|SUCCESS|xc8061543|48cc6ca0e3e282f7bc99a7d91e492a8513e7eac7437ef2a505c838920630a1e6|11f220656787b67992df37675c8cd49969b2a9efafaf34d3ea854a205a017e39
103|2026-06-10 16:36:55|GUEST|xs8061543|REGISTER_USER|SUCCESS|register user|11f220656787b67992df37675c8cd49969b2a9efafaf34d3ea854a205a017e39|d2b1a73f75f5ee6cb46606612671882462db65b751ec56e8ab00a99a5fea260d
104|2026-06-10 16:36:55|GUEST|xr8061543|REGISTER_USER|SUCCESS|register user|d2b1a73f75f5ee6cb46606612671882462db65b751ec56e8ab00a99a5fea260d|af4fc1a9eb584cdf8a740c6388e948202e9b1e157df1951495832185f8889571
105|2026-06-10 16:36:55|USER|xs8061543|LOGIN_USER|SUCCESS|login success|af4fc1a9eb584cdf8a740c6388e948202e9b1e157df1951495832185f8889571|7ae7e6db98509f753446cf1449747b833ab299e9b75dcd38857c9283cbe31775
106|2026-06-10 16:36:55|USER|xs8061543|RECHARGE|SUCCESS|amount=50.00|7ae7e6db98509f753446cf1449747b833ab299e9b75dcd38857c9283cbe31775|74389d7e9b31cff38d505bb557c370635c7a9a665b8f9eed17c9d95d5b53b731
107|2026-06-10 16:36:55|USER|xs8061543|SEND_EXPRESS|SUCCESS|EX000012 fee=16.00|74389d7e9b31cff38d505bb557c370635c7a9a665b8f9eed17c9d95d5b53b731|249b8466cebb7d94b12be56768917a26d4d9462022d90c81bfe3796fced2b353
108|2026-06-10 16:36:55|ADMIN|admin|ASSIGN_COURIER|SUCCESS|EX000012->xc8061543|249b8466cebb7d94b12be56768917a26d4d9462022d90c81bfe3796fced2b353|021a22b1ce8ceca43d272dcf651f9bea40bd556b32ea97b2dfad139707a5d3be
109|2026-06-10 16:36:55|COURIER|xc8061543|LOGIN_COURIER|SUCCESS|login success|021a22b1ce8ceca43d272dcf651f9bea40bd556b32ea97b2dfad139707a5d3be|5226233321b3eed4311a2f9cfe523aaf10dbfc56a4cafa3e56b3b7c216c3343d
110|2026-06-10 16:36:55|COURIER|xc8061543|PICKUP_EXPRESS|SUCCESS|EX000012 commission=8.00|5226233321b3eed4311a2f9cfe523aaf10dbfc56a4cafa3e56b3b7c216c3343d|1069d11e5a3dc16054c0760b840652d3a307242812d5b59cf3603c7cee38b8c5
111|2026-06-10 16:36:55|COURIER|xc8061543|PICKUP_EXPRESS|DENIED|state conflict express=EX000012|1069d11e5a3dc16054c0760b840652d3a307242812d5b59cf3603c7cee38b8c5|3fa114bedce2abee3a442bee8bae029ff7456e877455c0f7e0c309eef4ad64ee
112|2026-06-10 16:36:55|COURIER|xc8061543|COURIER_PICKUP_STATE_CONFLICT|DENIED|express=EX000012|3fa114bedce2abee3a442bee8bae029ff7456e877455c0f7e0c309eef4ad64ee|c86bf9a976d5f900d8b6525ecdb38d99a87715cd9715428b7da2b60fd8de4863
113|2026-06-10 16:44:31|GUEST|zqq|REGISTER_USER|SUCCESS|register user|c86bf9a976d5f900d8b6525ecdb38d99a87715cd9715428b7da2b60fd8de4863|fb7f3f46eadc7c134e76f1bf35c8367ee38a5b8ebbeeea6a4d42695a63154040
114|2026-06-10 16:44:56|GUEST|zlc|REGISTER_USER|SUCCESS|register user|fb7f3f46eadc7c134e76f1bf35c8367ee38a5b8ebbeeea6a4d42695a63154040|a385d1f50fd69cbcb61e883d7129252105fd046bd359fdb2cb70e185bfd50395
115|2026-06-10 16:45:08|USER|zlc|LOGIN_USER|SUCCESS|login success|a385d1f50fd69cbcb61e883d7129252105fd046bd359fdb2cb70e185bfd50395|872ae6d657ee68db60f120e0fe92ae2087423a51e48573668cba2b8f835d8a84
116|2026-06-10 16:45:55|USER|zlc|RECHARGE|SUCCESS|amount=50.00|872ae6d657ee68db60f120e0fe92ae2087423a51e48573668cba2b8f835d8a84|edd062886ce7486f43a51b279d67643d9ff0e1810ddb581bcaaecabba7187a97
117|2026-06-10 16:45:59|USER|zlc|SEND_EXPRESS|SUCCESS|EX000013 fee=40.00|edd062886ce7486f43a51b279d67643d9ff0e1810ddb581bcaaecabba7187a97|aed8fbabcd4fe2ac9120e5597233f9b26f798b067bc1a89ed89c557b5ebcf330
118|2026-06-10 16:47:36|USER|zlc|UPDATE_EXPRESS_NOTE|SUCCESS|EX000013|aed8fbabcd4fe2ac9120e5597233f9b26f798b067bc1a89ed89c557b5ebcf330|8131d7cdf5ea971e72c2e6d3c1c72963ccaf1ac226e8440d907add9f8ec68255
119|2026-06-10 16:48:59|USER|zlc|LOGIN_USER|SUCCESS|login success|8131d7cdf5ea971e72c2e6d3c1c72963ccaf1ac226e8440d907add9f8ec68255|68686ac8ff446100d8e50d856e50543ecdf57a6e4ad60d04f1fd08af978b24e0
120|2026-06-12 18:08:23|SYSTEM|server|INIT|SUCCESS|V3 common core initialized|68686ac8ff446100d8e50d856e50543ecdf57a6e4ad60d04f1fd08af978b24e0|f81683c5a4550b9dc127cb1bb6d116741e8a73fc3a8ad500edeced4eab074a56
121|2026-06-12 18:08:40|USER|lwt|LOGIN_USER|FAILED|password mismatch failedCount=1|f81683c5a4550b9dc127cb1bb6d116741e8a73fc3a8ad500edeced4eab074a56|1afd0f9ec4f36e9ca30385e3e869872d854519e8eed894060d247fc5cd4258a3
122|2026-06-12 18:08:51|USER|lwt|LOGIN_USER|SUCCESS|login success|1afd0f9ec4f36e9ca30385e3e869872d854519e8eed894060d247fc5cd4258a3|db2bca8e0d1dac20299b55236c14e90b3f2a79d8a4efc6ec4936b374b79989d7
123|2026-06-12 18:09:12|SYSTEM|server|INIT|SUCCESS|V3 common core initialized|db2bca8e0d1dac20299b55236c14e90b3f2a79d8a4efc6ec4936b374b79989d7|bbd88f1fad6cc6758c788d5b260ba1b5e9a0f426d21cd770fbaa1781f3bd1b5e
124|2026-06-12 18:34:32|ADMIN|admin|LOGIN_ADMIN|SUCCESS|login success|bbd88f1fad6cc6758c788d5b260ba1b5e9a0f426d21cd770fbaa1781f3bd1b5e|f3c5e3a3ed55190d3b71e51bf5ce7fcf21d330e0f1c1c7b46ca9f9d6cbe3a669
125|2026-06-13 10:35:19|ADMIN|admin|CREATE_COURIER|SUCCESS|wbs00|f3c5e3a3ed55190d3b71e51bf5ce7fcf21d330e0f1c1c7b46ca9f9d6cbe3a669|03a29e50c7f32fb09ea90eb70e8da2dd392cee33fb82d3d8cc48580ec27f0136
126|2026-06-13 10:36:13|ADMIN|admin|SET_COURIER_FROZEN|SUCCESS|ca8061385=1|03a29e50c7f32fb09ea90eb70e8da2dd392cee33fb82d3d8cc48580ec27f0136|2992ddc51e25fbe8daf85dce1bcff9964efd306e40371928220f942835892659
127|2026-06-18 12:54:23|SYSTEM|server|INIT|SUCCESS|V3 common core initialized|2992ddc51e25fbe8daf85dce1bcff9964efd306e40371928220f942835892659|d78cd71aed1067b16ee723569d43f5694398cce5636fef6a48f697f80fb9d0cd
128|2026-06-18 13:10:46|GUEST|lwt00|REGISTER_USER|SUCCESS|register user|d78cd71aed1067b16ee723569d43f5694398cce5636fef6a48f697f80fb9d0cd|a8bb2a728caa778ed823582cf8fd933cd49d476eb8a4ac9cb1766ac51a7a080a
129|2026-06-18 13:12:15|ADMIN|admin|LOGIN_ADMIN|SUCCESS|login success|a8bb2a728caa778ed823582cf8fd933cd49d476eb8a4ac9cb1766ac51a7a080a|1d0b2fc90fb981be54c5d9e4ec26598e1f8d24727d6e7cf3d539be7aabd3003d
130|2026-06-18 13:13:41|COURIER|wbs|LOGIN_COURIER|SUCCESS|login success|1d0b2fc90fb981be54c5d9e4ec26598e1f8d24727d6e7cf3d539be7aabd3003d|c5ca9b58e7aaa27eaf3e6be6ad26725f30ea45d395ffc5e2472935177b267aa2
131|2026-06-18 13:20:23|ADMIN|admin|LOGIN_ADMIN|SUCCESS|login success|c5ca9b58e7aaa27eaf3e6be6ad26725f30ea45d395ffc5e2472935177b267aa2|b82cd69edbdec365fe26d9fe90c8fad8bdad958907cd819883e68f5458d780d3
132|2026-06-18 14:04:51|SYSTEM|server|INIT|SUCCESS|V3 common core initialized|b82cd69edbdec365fe26d9fe90c8fad8bdad958907cd819883e68f5458d780d3|21ebeccaf3f2be02456782d89c9ee3639771040bd22971fccbf7a393e74b40a6
133|2026-06-18 14:07:07|GUEST|hwl00|REGISTER_USER|SUCCESS|register user|21ebeccaf3f2be02456782d89c9ee3639771040bd22971fccbf7a393e74b40a6|afe25f7880ab04620a1ee3dc8d7a05bb8520581126717f48ec960e2a26578e86
134|2026-06-18 14:07:17|USER|lwt|LOGIN_USER|FAILED|password mismatch failedCount=1|afe25f7880ab04620a1ee3dc8d7a05bb8520581126717f48ec960e2a26578e86|86aee88fb32f5601b3c04b3d44d8421429cf3d9d75263b65c32dc27e7a7e08e1
135|2026-06-18 14:07:31|USER|lwt00|LOGIN_USER|SUCCESS|login success|86aee88fb32f5601b3c04b3d44d8421429cf3d9d75263b65c32dc27e7a7e08e1|30da9cf62e1ba7fbf5ff723091c8399a5fb1bf56098da4af4b35f912875f9f81
136|2026-06-18 14:07:36|USER|lwt00|RECHARGE|SUCCESS|amount=100.00|30da9cf62e1ba7fbf5ff723091c8399a5fb1bf56098da4af4b35f912875f9f81|7901a081b093a3d3f6ab9052c26b1e0c0021d764a9ba6ad67dbc529a25c2cd3a
137|2026-06-18 14:07:51|USER|lwt00|SEND_EXPRESS|SUCCESS|EX000014 fee=40.00|7901a081b093a3d3f6ab9052c26b1e0c0021d764a9ba6ad67dbc529a25c2cd3a|665cede360d6cd6ca0adb516134605ccff1a570ab83d8acac5c804946829015e
138|2026-06-18 14:08:15|ADMIN|admin|LOGIN_ADMIN|SUCCESS|login success|665cede360d6cd6ca0adb516134605ccff1a570ab83d8acac5c804946829015e|6cfb07ef61ca0a3090018f470d206fe711391a5917f99f4157ede3fe0bcbecfb
139|2026-06-18 14:12:38|COURIER|wbs00|LOGIN_COURIER|SUCCESS|login success|6cfb07ef61ca0a3090018f470d206fe711391a5917f99f4157ede3fe0bcbecfb|4073a2589fca5a6437b8dc2e28e030e0803be20ef08b1b73ccf19dff23c03188
140|2026-06-18 14:12:46|ADMIN|admin|AUTO_ASSIGN_ALL|SUCCESS|successCount=2|4073a2589fca5a6437b8dc2e28e030e0803be20ef08b1b73ccf19dff23c03188|bc6f6357a7a88206578f299639e577edeecf91a268ebd58866df26c1a50c0b8e
